src/app/(dashboard)/knowledge/page.tsx(78,42): error TS2345: Argument of type 'KnowledgeEntityType' is not assignable to parameter of type 'EntityTab'.
  Type '"contact"' is not assignable to type 'EntityTab'.
src/app/(dashboard)/knowledge/page.tsx(88,28): error TS2769: No overload matches this call.
  Overload 1 of 3, '(extraArgument: CustomerCreatePayload, options?: SWRMutationConfiguration<CustomerRecord, any, readonly ["customers"], CustomerCreatePayload, CustomerRecord> | undefined): Promise<...>', gave the following error.
    Type 'Record<string, string>' is missing the following properties from type '{ name: string; email: string; company?: string | undefined; tier?: string | undefined; region?: string | undefined; }': name, email
  Overload 2 of 3, '(extraArgument: CustomerCreatePayload, options?: (SWRMutationConfiguration<CustomerRecord, any, readonly ["customers"], CustomerCreatePayload, CustomerRecord> & { ...; }) | undefined): Promise<...>', gave the following error.
    Type 'Record<string, string>' is missing the following properties from type '{ name: string; email: string; company?: string | undefined; tier?: string | undefined; region?: string | undefined; }': name, email
  Overload 3 of 3, '(extraArgument: CustomerCreatePayload, options?: (SWRMutationConfiguration<CustomerRecord, any, readonly ["customers"], CustomerCreatePayload, CustomerRecord> & { ...; }) | undefined): Promise<...>', gave the following error.
    Type 'Record<string, string>' is missing the following properties from type '{ name: string; email: string; company?: string | undefined; tier?: string | undefined; region?: string | undefined; }': name, email
src/app/(dashboard)/knowledge/page.tsx(110,71): error TS2339: Property 'meta' does not exist on type 'Record<string, unknown>[] | ApiListResponse<Record<string, unknown>>'.
  Property 'meta' does not exist on type 'Record<string, unknown>[]'.
src/app/(dashboard)/knowledge/page.tsx(182,26): error TS2322: Type 'Promise<void | Record<string, unknown>[] | ApiListResponse<Record<string, unknown>> | undefined>' is not assignable to type 'void | Promise<void>'.
  Type 'Promise<void | Record<string, unknown>[] | ApiListResponse<Record<string, unknown>> | undefined>' is not assignable to type 'Promise<void>'.
    Type 'void | Record<string, unknown>[] | ApiListResponse<Record<string, unknown>> | undefined' is not assignable to type 'void'.
      Type 'Record<string, unknown>[]' is not assignable to type 'void'.
src/app/api/auth/mfa/verify/route.ts(104,9): error TS2322: Type '"LOGIN_SUCCESS" | "MFA_BACKUP_CODE_USED"' is not assignable to type 'SecurityEventType'.
  Type '"MFA_BACKUP_CODE_USED"' is not assignable to type 'SecurityEventType'.
src/app/api/crm/deals/[id]/route.ts(45,68): error TS2554: Expected 2-3 arguments, but got 4.
src/app/api/crm/deals/[id]/won/route.ts(11,71): error TS2554: Expected 2-3 arguments, but got 4.
src/app/api/inventory/purchase-orders/[id]/approve/route.ts(10,45): error TS2339: Property 'role' does not exist on type 'TenantAuthContext'.
src/app/api/onboarding/setup/route.ts(44,9): error TS2322: Type '{ timezone?: string; currency: string; fiscalYearStartMonth: number; logoUrl?: string | null; industry?: string; companySize?: string; foundedYear?: number; website?: string; description?: string; ... 8 more ...; admin?: TenantAdminSettings; }' is not assignable to type 'JsonNull | InputJsonValue | undefined'.
  Type '{ timezone?: string; currency: string; fiscalYearStartMonth: number; logoUrl?: string | null; industry?: string; companySize?: string; foundedYear?: number; website?: string; description?: string; ... 8 more ...; admin?: TenantAdminSettings; }' is not assignable to type 'undefined'.
src/app/api/settings/roles/[roleId]/route.ts(18,64): error TS2345: Argument of type '{ name?: string | undefined; description?: string | null | undefined; }' is not assignable to parameter of type '{ name?: string | undefined; description?: string | undefined; }'.
  Types of property 'description' are incompatible.
    Type 'string | null | undefined' is not assignable to type 'string | undefined'.
      Type 'null' is not assignable to type 'string | undefined'.
src/app/api/webhooks/stripe/route.ts(59,21): error TS2322: Type '"STARTER" | "ENTERPRISE" | "PRO"' is not assignable to type 'TenantPlan | EnumTenantPlanFieldUpdateOperationsInput | undefined'.
  Type '"PRO"' is not assignable to type 'TenantPlan | EnumTenantPlanFieldUpdateOperationsInput | undefined'.
src/app/api/webhooks/stripe/route.ts(93,21): error TS2322: Type '"STARTER" | "ENTERPRISE" | "PRO"' is not assignable to type 'TenantPlan | EnumTenantPlanFieldUpdateOperationsInput | undefined'.
  Type '"PRO"' is not assignable to type 'TenantPlan | EnumTenantPlanFieldUpdateOperationsInput | undefined'.
src/components/admin/AdminDashboardClient.tsx(169,30): error TS2322: Type '(v: number) => [string, string]' is not assignable to type 'Formatter<ValueType, NameType> & ((value: ValueType, name: NameType, item: TooltipPayloadEntry, index: number, payload: TooltipPayload) => ReactNode | [...])'.
  Type '(v: number) => [string, string]' is not assignable to type 'Formatter<ValueType, NameType>'.
    Types of parameters 'v' and 'value' are incompatible.
      Type 'ValueType | undefined' is not assignable to type 'number'.
        Type 'undefined' is not assignable to type 'number'.
src/components/admin/AdminTenantsClient.tsx(171,37): error TS2344: Type 'TenantListItem' does not satisfy the constraint 'Record<string, unknown>'.
  Index signature for type 'string' is missing in type 'TenantListItem'.
src/components/admin/AdminTenantsClient.tsx(367,15): error TS2322: Type 'ColumnDef<TenantListItem>[]' is not assignable to type 'ColumnDef<Record<string, unknown>>[]'.
  Type 'ColumnDef<TenantListItem>' is not assignable to type 'ColumnDef<Record<string, unknown>>'.
    Type 'Record<string, unknown>' is missing the following properties from type 'TenantListItem': id, name, slug, plan, and 8 more.
src/components/admin/AdminTenantsClient.tsx(368,15): error TS2322: Type 'TenantListItem[]' is not assignable to type 'Record<string, unknown>[]'.
  Type 'TenantListItem' is not assignable to type 'Record<string, unknown>'.
    Index signature for type 'string' is missing in type 'TenantListItem'.
src/components/admin/AdminTenantsClient.tsx(372,15): error TS2322: Type 'Dispatch<SetStateAction<TenantListItem[]>>' is not assignable to type '(rows: Record<string, unknown>[]) => void'.
  Types of parameters 'value' and 'rows' are incompatible.
    Type 'Record<string, unknown>[]' is not assignable to type 'SetStateAction<TenantListItem[]>'.
      Type 'Record<string, unknown>[]' is not assignable to type 'TenantListItem[]'.
        Type 'Record<string, unknown>' is missing the following properties from type 'TenantListItem': id, name, slug, plan, and 8 more.
src/components/crm/CrmDashboardClient.tsx(175,34): error TS2322: Type '(v: number) => [string, string]' is not assignable to type 'Formatter<ValueType, NameType> & ((value: ValueType, name: NameType, item: TooltipPayloadEntry, index: number, payload: TooltipPayload) => ReactNode | [...])'.
  Type '(v: number) => [string, string]' is not assignable to type 'Formatter<ValueType, NameType>'.
    Types of parameters 'v' and 'value' are incompatible.
      Type 'ValueType | undefined' is not assignable to type 'number'.
        Type 'undefined' is not assignable to type 'number'.
src/components/finance/AccountsPageClient.tsx(160,21): error TS18046: 'res' is of type 'unknown'.
src/components/finance/FinanceDashboardClient.tsx(121,24): error TS2322: Type '(v: number) => string' is not assignable to type 'Formatter<ValueType, NameType> & ((value: ValueType, name: NameType, item: TooltipPayloadEntry, index: number, payload: TooltipPayload) => ReactNode | [...])'.
  Type '(v: number) => string' is not assignable to type 'Formatter<ValueType, NameType>'.
    Types of parameters 'v' and 'value' are incompatible.
      Type 'ValueType | undefined' is not assignable to type 'number'.
        Type 'undefined' is not assignable to type 'number'.
src/components/finance/FinanceDashboardClient.tsx(192,26): error TS2322: Type '(v: number) => string' is not assignable to type 'Formatter<ValueType, NameType> & ((value: ValueType, name: NameType, item: TooltipPayloadEntry, index: number, payload: TooltipPayload) => ReactNode | [...])'.
  Type '(v: number) => string' is not assignable to type 'Formatter<ValueType, NameType>'.
    Types of parameters 'v' and 'value' are incompatible.
      Type 'ValueType | undefined' is not assignable to type 'number'.
        Type 'undefined' is not assignable to type 'number'.
src/components/finance/InvoiceBuilderClient.tsx(117,5): error TS2304: Cannot find name 'setCurrency'.
src/components/finance/InvoiceBuilderClient.tsx(129,28): error TS2304: Cannot find name 'setCurrency'.
src/components/finance/InvoiceBuilderClient.tsx(180,7): error TS18004: No value exists in scope for the shorthand property 'currency'. Either declare one or provide an initializer.
src/components/finance/InvoiceBuilderClient.tsx(184,45): error TS2304: Cannot find name 'currency'.
src/components/finance/InvoiceBuilderClient.tsx(238,7): error TS2304: Cannot find name 'setPdfPreviewId'.
src/components/finance/InvoiceBuilderClient.tsx(342,28): error TS2304: Cannot find name 'currency'.
src/components/finance/InvoiceBuilderClient.tsx(343,38): error TS2304: Cannot find name 'setCurrency'.
src/components/finance/InvoiceBuilderClient.tsx(463,26): error TS2304: Cannot find name 'pdfPreviewId'.
src/components/finance/InvoiceBuilderClient.tsx(463,73): error TS2304: Cannot find name 'setPdfPreviewId'.
src/components/finance/InvoiceBuilderClient.tsx(470,14): error TS2304: Cannot find name 'pdfPreviewId'.
src/components/finance/InvoiceBuilderClient.tsx(473,47): error TS2304: Cannot find name 'pdfPreviewId'.
src/components/hr/HrDashboardClient.tsx(189,26): error TS2552: Cannot find name 'ClipboardList'. Did you mean 'Clipboard'?
src/components/hr/HrDashboardClient.tsx(189,90): error TS2339: Property 'pendingLeaveApprovals' does not exist on type '{ totalEmployees: number; onLeaveToday: number; newThisMonth: number; upcomingAnniversaries: number; nextPayrollDate: string; }'.
src/components/inventory/BarcodeScanner.tsx(70,39): error TS2554: Expected 2 arguments, but got 1.
src/components/inventory/BarcodeScanner.tsx(71,23): error TS2339: Property 'getText' does not exist on type 'IScannerControls'.
src/components/inventory/BarcodeScanner.tsx(71,53): error TS2339: Property 'getText' does not exist on type 'IScannerControls'.
src/components/inventory/BarcodeScanner.tsx(82,18): error TS2339: Property 'reset' does not exist on type 'BrowserMultiFormatReader'.
src/components/inventory/ProductCatalogClient.tsx(219,21): error TS2352: Conversion of type 'Record<string, unknown>' to type 'CatalogProduct' may be a mistake because neither type sufficiently overlaps with the other. If this was intentional, convert the expression to 'unknown' first.
  Type 'Record<string, unknown>' is missing the following properties from type 'CatalogProduct': category, supplier, reorderPoint, isActive, and 6 more.
src/components/inventory/ProductCatalogClient.tsx(238,29): error TS2352: Conversion of type 'Record<string, unknown>' to type 'CatalogProduct' may be a mistake because neither type sufficiently overlaps with the other. If this was intentional, convert the expression to 'unknown' first.
  Type 'Record<string, unknown>' is missing the following properties from type 'CatalogProduct': category, supplier, reorderPoint, isActive, and 6 more.
src/components/inventory/ProductCatalogClient.tsx(244,21): error TS2352: Conversion of type 'Record<string, unknown>' to type 'CatalogProduct' may be a mistake because neither type sufficiently overlaps with the other. If this was intentional, convert the expression to 'unknown' first.
  Type 'Record<string, unknown>' is missing the following properties from type 'CatalogProduct': category, supplier, reorderPoint, isActive, and 6 more.
src/components/inventory/ProductCatalogClient.tsx(253,49): error TS2352: Conversion of type 'Record<string, unknown>' to type 'CatalogProduct' may be a mistake because neither type sufficiently overlaps with the other. If this was intentional, convert the expression to 'unknown' first.
  Type 'Record<string, unknown>' is missing the following properties from type 'CatalogProduct': category, supplier, reorderPoint, isActive, and 6 more.
src/components/inventory/ProductCatalogClient.tsx(260,14): error TS2352: Conversion of type 'Record<string, unknown>' to type 'CatalogProduct' may be a mistake because neither type sufficiently overlaps with the other. If this was intentional, convert the expression to 'unknown' first.
  Type 'Record<string, unknown>' is missing the following properties from type 'CatalogProduct': category, supplier, reorderPoint, isActive, and 6 more.
src/components/inventory/ProductCatalogClient.tsx(359,23): error TS2322: Type '"default" | "ghost"' is not assignable to type 'ButtonVariant | undefined'.
  Type '"default"' is not assignable to type 'ButtonVariant | undefined'.
src/components/inventory/ProductCatalogClient.tsx(362,23): error TS2322: Type '"default" | "ghost"' is not assignable to type 'ButtonVariant | undefined'.
  Type '"default"' is not assignable to type 'ButtonVariant | undefined'.
src/components/inventory/ProductCatalogClient.tsx(395,74): error TS2352: Conversion of type 'Record<string, unknown>' to type 'CatalogProduct' may be a mistake because neither type sufficiently overlaps with the other. If this was intentional, convert the expression to 'unknown' first.
  Type 'Record<string, unknown>' is missing the following properties from type 'CatalogProduct': category, supplier, reorderPoint, isActive, and 6 more.
src/components/inventory/ProductDetailClient.tsx(167,36): error TS2352: Conversion of type 'Record<string, unknown>' to type 'LedgerEntry' may be a mistake because neither type sufficiently overlaps with the other. If this was intentional, convert the expression to 'unknown' first.
  Type 'Record<string, unknown>' is missing the following properties from type 'LedgerEntry': id, transactionType, quantity, unitCost, and 4 more.
src/components/inventory/ProductDetailClient.tsx(174,27): error TS2352: Conversion of type 'Record<string, unknown>' to type 'LedgerEntry' may be a mistake because neither type sufficiently overlaps with the other. If this was intentional, convert the expression to 'unknown' first.
  Type 'Record<string, unknown>' is missing the following properties from type 'LedgerEntry': id, transactionType, quantity, unitCost, and 4 more.
src/components/inventory/ProductDetailClient.tsx(277,40): error TS2352: Conversion of type 'ProductDetail' to type 'Record<string, unknown>' may be a mistake because neither type sufficiently overlaps with the other. If this was intentional, convert the expression to 'unknown' first.
  Index signature for type 'string' is missing in type 'ProductDetail'.
src/components/inventory/ProductDetailClient.tsx(284,49): error TS2352: Conversion of type 'ProductDetail' to type 'Record<string, unknown>' may be a mistake because neither type sufficiently overlaps with the other. If this was intentional, convert the expression to 'unknown' first.
  Index signature for type 'string' is missing in type 'ProductDetail'.
src/components/inventory/PurchaseOrdersPageClient.tsx(116,28): error TS2344: Type 'POListItem' does not satisfy the constraint 'Record<string, unknown>'.
  Index signature for type 'string' is missing in type 'POListItem'.
src/components/inventory/PurchaseOrdersPageClient.tsx(271,15): error TS2322: Type 'ColumnDef<POListItem>[]' is not assignable to type 'ColumnDef<Record<string, unknown>>[]'.
  Type 'ColumnDef<POListItem>' is not assignable to type 'ColumnDef<Record<string, unknown>>'.
    Type 'Record<string, unknown>' is missing the following properties from type 'POListItem': id, poNumber, status, grandTotal, and 8 more.
src/components/inventory/PurchaseOrdersPageClient.tsx(276,60): error TS2352: Conversion of type 'Record<string, unknown>' to type 'POListItem' may be a mistake because neither type sufficiently overlaps with the other. If this was intentional, convert the expression to 'unknown' first.
  Type 'Record<string, unknown>' is missing the following properties from type 'POListItem': id, poNumber, status, grandTotal, and 8 more.
src/components/inventory/PurchaseOrdersPageClient.tsx(287,58): error TS2352: Conversion of type 'Record<string, unknown>' to type 'POListItem' may be a mistake because neither type sufficiently overlaps with the other. If this was intentional, convert the expression to 'unknown' first.
  Type 'Record<string, unknown>' is missing the following properties from type 'POListItem': id, poNumber, status, grandTotal, and 8 more.
src/components/inventory/ReorderPageClient.tsx(184,19): error TS2352: Conversion of type 'Record<string, unknown>' to type 'ReorderSuggestion' may be a mistake because neither type sufficiently overlaps with the other. If this was intentional, convert the expression to 'unknown' first.
  Type 'Record<string, unknown>' is missing the following properties from type 'ReorderSuggestion': productId, sku, productName, quantityOnHand, and 6 more.
src/components/inventory/ReorderPageClient.tsx(197,19): error TS2352: Conversion of type 'Record<string, unknown>' to type 'ReorderSuggestion' may be a mistake because neither type sufficiently overlaps with the other. If this was intentional, convert the expression to 'unknown' first.
  Type 'Record<string, unknown>' is missing the following properties from type 'ReorderSuggestion': productId, sku, productName, quantityOnHand, and 6 more.
src/components/inventory/ReorderPageClient.tsx(209,39): error TS2352: Conversion of type 'Record<string, unknown>' to type 'ReorderSuggestion' may be a mistake because neither type sufficiently overlaps with the other. If this was intentional, convert the expression to 'unknown' first.
  Type 'Record<string, unknown>' is missing the following properties from type 'ReorderSuggestion': productId, sku, productName, quantityOnHand, and 6 more.
src/components/inventory/ReorderPageClient.tsx(214,39): error TS2352: Conversion of type 'Record<string, unknown>' to type 'ReorderSuggestion' may be a mistake because neither type sufficiently overlaps with the other. If this was intentional, convert the expression to 'unknown' first.
  Type 'Record<string, unknown>' is missing the following properties from type 'ReorderSuggestion': productId, sku, productName, quantityOnHand, and 6 more.
src/components/inventory/ReorderPageClient.tsx(220,19): error TS2352: Conversion of type 'Record<string, unknown>' to type 'ReorderSuggestion' may be a mistake because neither type sufficiently overlaps with the other. If this was intentional, convert the expression to 'unknown' first.
  Type 'Record<string, unknown>' is missing the following properties from type 'ReorderSuggestion': productId, sku, productName, quantityOnHand, and 6 more.
src/components/inventory/SupplierDetailClient.tsx(381,35): error TS2344: Type 'SupplierProduct' does not satisfy the constraint 'Record<string, unknown>'.
  Index signature for type 'string' is missing in type 'SupplierProduct'.
src/components/inventory/SupplierDetailClient.tsx(420,30): error TS2344: Type 'POItem' does not satisfy the constraint 'Record<string, unknown>'.
  Index signature for type 'string' is missing in type 'POItem'.
src/components/inventory/SupplierDetailClient.tsx(453,9): error TS2322: Type '{ title: string; description: string; breadcrumbs: ({ label: string; href: string; } | { label: string; })[]; actions: Element; }' is not assignable to type 'IntrinsicAttributes & PageHeaderProps'.
  Property 'description' does not exist on type 'IntrinsicAttributes & PageHeaderProps'.
src/components/inventory/SupplierDetailClient.tsx(647,22): error TS2322: Type 'ColumnDef<SupplierProduct>[]' is not assignable to type 'ColumnDef<Record<string, unknown>>[]'.
  Type 'ColumnDef<SupplierProduct>' is not assignable to type 'ColumnDef<Record<string, unknown>>'.
    Type 'Record<string, unknown>' is missing the following properties from type 'SupplierProduct': id, productId, supplierSku, unitCost, and 5 more.
src/components/inventory/SupplierDetailClient.tsx(647,47): error TS2322: Type 'SupplierProduct[]' is not assignable to type 'Record<string, unknown>[]'.
  Type 'SupplierProduct' is not assignable to type 'Record<string, unknown>'.
    Index signature for type 'string' is missing in type 'SupplierProduct'.
src/components/inventory/SupplierDetailClient.tsx(681,22): error TS2322: Type 'ColumnDef<POItem>[]' is not assignable to type 'ColumnDef<Record<string, unknown>>[]'.
  Type 'ColumnDef<POItem>' is not assignable to type 'ColumnDef<Record<string, unknown>>'.
    Type 'Record<string, unknown>' is missing the following properties from type 'POItem': id, poNumber, status, grandTotal, and 4 more.
src/components/inventory/SupplierDetailClient.tsx(681,42): error TS2322: Type 'POItem[]' is not assignable to type 'Record<string, unknown>[]'.
  Type 'POItem' is not assignable to type 'Record<string, unknown>'.
    Index signature for type 'string' is missing in type 'POItem'.
src/components/inventory/SupplierDetailClient.tsx(701,28): error TS2322: Type '(v: number) => [string, string]' is not assignable to type 'Formatter<ValueType, NameType> & ((value: ValueType, name: NameType, item: TooltipPayloadEntry, index: number, payload: TooltipPayload) => ReactNode | [...])'.
  Type '(v: number) => [string, string]' is not assignable to type 'Formatter<ValueType, NameType>'.
    Types of parameters 'v' and 'value' are incompatible.
      Type 'ValueType | undefined' is not assignable to type 'number'.
        Type 'undefined' is not assignable to type 'number'.
src/components/inventory/SuppliersPageClient.tsx(141,28): error TS2344: Type 'SupplierListItem' does not satisfy the constraint 'Record<string, unknown>'.
  Index signature for type 'string' is missing in type 'SupplierListItem'.
src/components/inventory/SuppliersPageClient.tsx(211,9): error TS2322: Type '{ title: string; description: string; breadcrumbs: ({ label: string; href: string; } | { label: string; })[]; actions: Element; }' is not assignable to type 'IntrinsicAttributes & PageHeaderProps'.
  Property 'description' does not exist on type 'IntrinsicAttributes & PageHeaderProps'.
src/components/inventory/SuppliersPageClient.tsx(333,13): error TS2322: Type 'ColumnDef<SupplierListItem>[]' is not assignable to type 'ColumnDef<Record<string, unknown>>[]'.
  Type 'ColumnDef<SupplierListItem>' is not assignable to type 'ColumnDef<Record<string, unknown>>'.
    Type 'Record<string, unknown>' is missing the following properties from type 'SupplierListItem': id, code, name, type, and 8 more.
src/components/inventory/SuppliersPageClient.tsx(334,13): error TS2322: Type 'SupplierListItem[]' is not assignable to type 'Record<string, unknown>[]'.
  Type 'SupplierListItem' is not assignable to type 'Record<string, unknown>'.
    Index signature for type 'string' is missing in type 'SupplierListItem'.
src/components/inventory/SuppliersPageClient.tsx(338,71): error TS2352: Conversion of type 'Record<string, unknown>' to type 'SupplierListItem' may be a mistake because neither type sufficiently overlaps with the other. If this was intentional, convert the expression to 'unknown' first.
  Type 'Record<string, unknown>' is missing the following properties from type 'SupplierListItem': id, code, name, type, and 8 more.
src/components/knowledge/CustomersPageContent.tsx(36,28): error TS2769: No overload matches this call.
  Overload 1 of 3, '(extraArgument: CustomerCreatePayload, options?: SWRMutationConfiguration<CustomerRecord, any, readonly ["customers"], CustomerCreatePayload, CustomerRecord> | undefined): Promise<...>', gave the following error.
    Type 'Record<string, string>' is missing the following properties from type '{ name: string; email: string; company?: string | undefined; tier?: string | undefined; region?: string | undefined; }': name, email
  Overload 2 of 3, '(extraArgument: CustomerCreatePayload, options?: (SWRMutationConfiguration<CustomerRecord, any, readonly ["customers"], CustomerCreatePayload, CustomerRecord> & { ...; }) | undefined): Promise<...>', gave the following error.
    Type 'Record<string, string>' is missing the following properties from type '{ name: string; email: string; company?: string | undefined; tier?: string | undefined; region?: string | undefined; }': name, email
  Overload 3 of 3, '(extraArgument: CustomerCreatePayload, options?: (SWRMutationConfiguration<CustomerRecord, any, readonly ["customers"], CustomerCreatePayload, CustomerRecord> & { ...; }) | undefined): Promise<...>', gave the following error.
    Type 'Record<string, string>' is missing the following properties from type '{ name: string; email: string; company?: string | undefined; tier?: string | undefined; region?: string | undefined; }': name, email
src/components/knowledge/CustomersPageContent.tsx(125,26): error TS2322: Type 'Promise<void | PaginatedResponse<CustomerRecord> | undefined>' is not assignable to type 'void | Promise<void>'.
  Type 'Promise<void | PaginatedResponse<CustomerRecord> | undefined>' is not assignable to type 'Promise<void>'.
    Type 'void | PaginatedResponse<CustomerRecord> | undefined' is not assignable to type 'void'.
      Type 'PaginatedResponse<CustomerRecord>' is not assignable to type 'void'.
src/components/layout/MobileSidebar.tsx(128,37): error TS2339: Property 'badgeVariant' does not exist on type 'NavItem'.
src/components/layout/nav-config.ts(63,72): error TS2353: Object literal may only specify known properties, and 'badgeVariant' does not exist in type 'NavItem'.
src/components/layout/Sidebar.tsx(168,37): error TS2339: Property 'badgeVariant' does not exist on type 'NavItem'.
src/components/navigation/RoutePrefetcher.tsx(39,26): error TS2339: Property 'setTimeout' does not exist on type 'never'.
src/components/sales/OrderNewClient.tsx(266,36): error TS2322: Type 'string | null | undefined' is not assignable to type 'string | null'.
  Type 'undefined' is not assignable to type 'string | null'.
src/components/settings/TeamPageClient.tsx(176,37): error TS2344: Type 'TeamMemberDTO' does not satisfy the constraint 'Record<string, unknown>'.
  Index signature for type 'string' is missing in type 'TeamMemberDTO'.
src/components/settings/TeamPageClient.tsx(348,15): error TS2322: Type 'ColumnDef<TeamMemberDTO>[]' is not assignable to type 'ColumnDef<Record<string, unknown>>[]'.
  Type 'ColumnDef<TeamMemberDTO>' is not assignable to type 'ColumnDef<Record<string, unknown>>'.
    Type 'Record<string, unknown>' is missing the following properties from type 'TeamMemberDTO': id, email, fullName, avatarUrl, and 7 more.
src/components/settings/TeamPageClient.tsx(349,15): error TS2322: Type 'TeamMemberDTO[]' is not assignable to type 'Record<string, unknown>[]'.
  Type 'TeamMemberDTO' is not assignable to type 'Record<string, unknown>'.
    Index signature for type 'string' is missing in type 'TeamMemberDTO'.
src/components/settings/TeamPageClient.tsx(353,15): error TS2322: Type 'Dispatch<SetStateAction<TeamMemberDTO[]>>' is not assignable to type '(rows: Record<string, unknown>[]) => void'.
  Types of parameters 'value' and 'rows' are incompatible.
    Type 'Record<string, unknown>[]' is not assignable to type 'SetStateAction<TeamMemberDTO[]>'.
      Type 'Record<string, unknown>[]' is not assignable to type 'TeamMemberDTO[]'.
        Type 'Record<string, unknown>' is missing the following properties from type 'TeamMemberDTO': id, email, fullName, avatarUrl, and 7 more.
src/hooks/useNotifications.ts(194,22): error TS2339: Property 'setTimeout' does not exist on type 'never'.
src/hooks/useReorderSuggestionCount.ts(22,22): error TS2339: Property 'setTimeout' does not exist on type 'never'.
src/lib/analytics/masterDashboardService.ts(65,38): error TS2345: Argument of type '{ start: Date; end: Date; label: string; previousStart: Date; previousEnd: Date; }' is not assignable to parameter of type 'DateRange'.
  Property 'period' is missing in type '{ start: Date; end: Date; label: string; previousStart: Date; previousEnd: Date; }' but required in type 'DateRange'.
src/lib/analytics/masterDashboardService.ts(83,49): error TS2345: Argument of type '{ start: Date; end: Date; label: string; previousStart: Date; previousEnd: Date; }' is not assignable to parameter of type 'DateRange'.
  Property 'period' is missing in type '{ start: Date; end: Date; label: string; previousStart: Date; previousEnd: Date; }' but required in type 'DateRange'.
src/lib/auth/sessionClient.ts(7,18): error TS2430: Interface 'AuthSessionUser' incorrectly extends interface 'User'.
  Types of property 'avatarUrl' are incompatible.
    Type 'string | null | undefined' is not assignable to type 'string | undefined'.
      Type 'null' is not assignable to type 'string | undefined'.
src/lib/channels/channelRouter.ts(312,8): error TS2304: Cannot find name 'isEmailConfigured'.
src/lib/channels/channelRouter.ts(319,9): error TS2304: Cannot find name 'sendMail'.
src/lib/crm/contactService.ts(393,30): error TS2339: Property 'TASK' does not exist on type '{ ALERT: "ALERT"; SYSTEM: "SYSTEM"; ACTIVITY: "ACTIVITY"; MENTION: "MENTION"; REMINDER: "REMINDER"; BILLING: "BILLING"; SECURITY: "SECURITY"; }'.
src/lib/crm/followUpScheduler.ts(50,34): error TS2339: Property 'TASK' does not exist on type '{ ALERT: "ALERT"; SYSTEM: "SYSTEM"; ACTIVITY: "ACTIVITY"; MENTION: "MENTION"; REMINDER: "REMINDER"; BILLING: "BILLING"; SECURITY: "SECURITY"; }'.
src/lib/crm/followUpScheduler.ts(99,34): error TS2339: Property 'TASK' does not exist on type '{ ALERT: "ALERT"; SYSTEM: "SYSTEM"; ACTIVITY: "ACTIVITY"; MENTION: "MENTION"; REMINDER: "REMINDER"; BILLING: "BILLING"; SECURITY: "SECURITY"; }'.
src/lib/finance/billService.ts(348,5): error TS2322: Type 'BillStatus' is not assignable to type '"PENDING" | "PARTIAL" | "DRAFT" | "OVERDUE"'.
  Type '"PAID"' is not assignable to type '"PENDING" | "PARTIAL" | "DRAFT" | "OVERDUE"'.
src/lib/finance/billService.ts(350,5): error TS2322: Type '"PENDING" | "PARTIAL" | "DRAFT" | "PAID" | "OVERDUE" | "VOID"' is not assignable to type '"PENDING" | "PARTIAL" | "DRAFT" | "OVERDUE"'.
  Type '"PAID"' is not assignable to type '"PENDING" | "PARTIAL" | "DRAFT" | "OVERDUE"'.
src/lib/finance/reportingService.ts(321,11): error TS2339: Property 'getExpenses' does not exist on type 'FinanceAgent'.
src/lib/finance/reportingService.ts(322,11): error TS2339: Property 'getCashflow' does not exist on type 'FinanceAgent'.
src/lib/hr/payrollService.ts(36,7): error TS2322: Type 'SalaryComponent[]' is not assignable to type 'JsonNull | InputJsonValue | undefined'.
  Type 'SalaryComponent[]' is not assignable to type 'InputJsonObject'.
    Index signature for type 'string' is missing in type 'SalaryComponent[]'.
src/lib/hr/payrollService.ts(367,9): error TS2322: Type 'PayrollLineItem[]' is not assignable to type 'JsonNull | InputJsonValue | undefined'.
  Type 'PayrollLineItem[]' is not assignable to type 'InputJsonObject'.
    Index signature for type 'string' is missing in type 'PayrollLineItem[]'.
src/lib/hr/payrollService.ts(368,9): error TS2322: Type 'PayrollLineItem[]' is not assignable to type 'JsonNull | InputJsonValue | undefined'.
  Type 'PayrollLineItem[]' is not assignable to type 'InputJsonObject'.
    Index signature for type 'string' is missing in type 'PayrollLineItem[]'.
src/lib/hr/payrollService.ts(590,15): error TS2352: Conversion of type 'string | number | boolean | JsonObject | JsonArray | null' to type 'PayrollLineItem[]' may be a mistake because neither type sufficiently overlaps with the other. If this was intentional, convert the expression to 'unknown' first.
  Type 'JsonArray' is not comparable to type 'PayrollLineItem[]'.
    Type 'JsonValue' is not comparable to type 'PayrollLineItem'.
      Type 'JsonValue[]' is missing the following properties from type 'PayrollLineItem': component, amount
src/lib/hr/payrollService.ts(591,17): error TS2352: Conversion of type 'string | number | boolean | JsonObject | JsonArray | null' to type 'PayrollLineItem[]' may be a mistake because neither type sufficiently overlaps with the other. If this was intentional, convert the expression to 'unknown' first.
  Type 'JsonArray' is not comparable to type 'PayrollLineItem[]'.
    Type 'JsonValue' is not comparable to type 'PayrollLineItem'.
      Type 'JsonValue[]' is missing the following properties from type 'PayrollLineItem': component, amount
src/lib/inventory/barcodeService.ts(41,17): error TS2339: Property 'toSVG' does not exist on type 'typeof BwipJs'.
src/lib/inventory/inventoryCatalogService.ts(130,51): error TS2353: Object literal may only specify known properties, and 'supplierInfo' does not exist in type 'SupplierSelect<DefaultArgs>'.
src/lib/inventory/inventoryCatalogService.ts(145,26): error TS2339: Property 'stockBalances' does not exist on type '{ id: string; name: string; slug: string; createdAt: Date; updatedAt: Date; tenantId: string; embeddingStatus: EmbeddingStatus; embeddingContentHash: string | null; ... 24 more ...; pricingHistory: JsonValue; }'.
src/lib/inventory/inventoryCatalogService.ts(145,48): error TS7006: Parameter 's' implicitly has an 'any' type.
src/lib/inventory/inventoryCatalogService.ts(145,51): error TS7006: Parameter 'b' implicitly has an 'any' type.
src/lib/inventory/inventoryCatalogService.ts(185,31): error TS2339: Property 'stockBalances' does not exist on type '{ id: string; name: string; slug: string; createdAt: Date; updatedAt: Date; tenantId: string; embeddingStatus: EmbeddingStatus; embeddingContentHash: string | null; ... 24 more ...; pricingHistory: JsonValue; }'.
src/lib/inventory/inventoryCatalogService.ts(185,50): error TS7006: Parameter 'b' implicitly has an 'any' type.
src/lib/inventory/inventoryCatalogService.ts(192,23): error TS2339: Property 'variants' does not exist on type '{ id: string; name: string; slug: string; createdAt: Date; updatedAt: Date; tenantId: string; embeddingStatus: EmbeddingStatus; embeddingContentHash: string | null; ... 24 more ...; pricingHistory: JsonValue; }'.
src/lib/inventory/inventoryCatalogService.ts(192,37): error TS7006: Parameter 'v' implicitly has an 'any' type.
src/lib/inventory/inventoryCatalogService.ts(196,39): error TS7006: Parameter 's' implicitly has an 'any' type.
src/lib/inventory/inventoryCatalogService.ts(196,42): error TS7006: Parameter 'b' implicitly has an 'any' type.
src/lib/inventory/inventoryCatalogService.ts(197,46): error TS7006: Parameter 'b' implicitly has an 'any' type.
src/lib/inventory/inventoryCatalogService.ts(580,46): error TS2339: Property 'categoryId' does not exist on type 'ProductUpdateManyMutationInput'.
src/lib/inventory/inventoryCatalogService.ts(581,46): error TS2551: Property 'supplierId' does not exist on type 'ProductUpdateManyMutationInput'. Did you mean 'supplierInfo'?
src/lib/inventory/inventoryWarehouseService.ts(119,7): error TS2322: Type 'Record<string, unknown>' is not assignable to type 'JsonNull | InputJsonValue | undefined'.
  Type 'Record<string, unknown>' is missing the following properties from type 'readonly (InputJsonValue | null)[]': length, concat, join, slice, and 26 more.
src/lib/inventory/purchaseOrderService.ts(350,41): error TS2353: Object literal may only specify known properties, and 'supplierInfo' does not exist in type 'SupplierSelect<DefaultArgs>'.
src/lib/inventory/purchaseOrderService.ts(364,24): error TS2551: Property 'tenant' does not exist on type '{ id: string; createdAt: Date; updatedAt: Date; tenantId: string; supplierId: string; currency: string; notes: string | null; status: PurchaseOrderStatus; ... 12 more ...; approvedAt: Date | null; }'. Did you mean 'tenantId'?
src/lib/inventory/purchaseOrderService.ts(367,20): error TS2551: Property 'tenant' does not exist on type '{ id: string; createdAt: Date; updatedAt: Date; tenantId: string; supplierId: string; currency: string; notes: string | null; status: PurchaseOrderStatus; ... 12 more ...; approvedAt: Date | null; }'. Did you mean 'tenantId'?
src/lib/inventory/purchaseOrderService.ts(371,22): error TS2551: Property 'supplier' does not exist on type '{ id: string; createdAt: Date; updatedAt: Date; tenantId: string; supplierId: string; currency: string; notes: string | null; status: PurchaseOrderStatus; ... 12 more ...; approvedAt: Date | null; }'. Did you mean 'supplierId'?
src/lib/inventory/purchaseOrderService.ts(372,44): error TS2551: Property 'supplier' does not exist on type '{ id: string; createdAt: Date; updatedAt: Date; tenantId: string; supplierId: string; currency: string; notes: string | null; status: PurchaseOrderStatus; ... 12 more ...; approvedAt: Date | null; }'. Did you mean 'supplierId'?
src/lib/inventory/purchaseOrderService.ts(373,48): error TS2551: Property 'supplier' does not exist on type '{ id: string; createdAt: Date; updatedAt: Date; tenantId: string; supplierId: string; currency: string; notes: string | null; status: PurchaseOrderStatus; ... 12 more ...; approvedAt: Date | null; }'. Did you mean 'supplierId'?
src/lib/inventory/purchaseOrderService.ts(374,23): error TS2551: Property 'warehouse' does not exist on type '{ id: string; createdAt: Date; updatedAt: Date; tenantId: string; supplierId: string; currency: string; notes: string | null; status: PurchaseOrderStatus; ... 12 more ...; approvedAt: Date | null; }'. Did you mean 'warehouseId'?
src/lib/inventory/purchaseOrderService.ts(375,49): error TS2551: Property 'warehouse' does not exist on type '{ id: string; createdAt: Date; updatedAt: Date; tenantId: string; supplierId: string; currency: string; notes: string | null; status: PurchaseOrderStatus; ... 12 more ...; approvedAt: Date | null; }'. Did you mean 'warehouseId'?
src/lib/inventory/purchaseOrderService.ts(401,50): error TS2353: Object literal may only specify known properties, and 'supplierInfo' does not exist in type 'SupplierSelect<DefaultArgs>'.
src/lib/inventory/purchaseOrderService.ts(416,49): error TS2551: Property 'supplier' does not exist on type '{ id: string; createdAt: Date; updatedAt: Date; tenantId: string; supplierId: string; currency: string; notes: string | null; status: PurchaseOrderStatus; ... 12 more ...; approvedAt: Date | null; }'. Did you mean 'supplierId'?
src/lib/inventory/purchaseOrderService.ts(429,22): error TS2551: Property 'supplier' does not exist on type '{ id: string; createdAt: Date; updatedAt: Date; tenantId: string; supplierId: string; currency: string; notes: string | null; status: PurchaseOrderStatus; ... 12 more ...; approvedAt: Date | null; }'. Did you mean 'supplierId'?
src/lib/inventory/purchaseOrderService.ts(450,22): error TS2551: Property 'supplier' does not exist on type '{ id: string; createdAt: Date; updatedAt: Date; tenantId: string; supplierId: string; currency: string; notes: string | null; status: PurchaseOrderStatus; ... 12 more ...; approvedAt: Date | null; }'. Did you mean 'supplierId'?
src/lib/inventory/purchaseOrderService.ts(587,51): error TS2353: Object literal may only specify known properties, and 'supplierInfo' does not exist in type 'SupplierSelect<DefaultArgs>'.
src/lib/inventory/purchaseOrderService.ts(628,44): error TS2551: Property 'supplier' does not exist on type '{ id: string; createdAt: Date; updatedAt: Date; tenantId: string; supplierId: string; currency: string; notes: string | null; status: PurchaseOrderStatus; ... 12 more ...; approvedAt: Date | null; }'. Did you mean 'supplierId'?
src/lib/inventory/reorderService.ts(107,17): error TS2352: Conversion of type '{ inventory: { lastReorderCheck: string; }; logoUrl?: string | null; industry?: string; companySize?: string; foundedYear?: number; website?: string; description?: string; timezone?: string; ... 10 more ...; admin?: TenantAdminSettings; }' to type 'InputJsonValue' may be a mistake because neither type sufficiently overlaps with the other. If this was intentional, convert the expression to 'unknown' first.
  Type '{ inventory: { lastReorderCheck: string; }; logoUrl?: string | null; industry?: string; companySize?: string; foundedYear?: number; website?: string; description?: string; timezone?: string; ... 10 more ...; admin?: TenantAdminSettings; }' is not comparable to type 'string'.
src/lib/inventory/reorderService.ts(440,5): error TS2345: Argument of type '{ supplierId: string; warehouseId: string; items: { productId: string; quantity: number; unitCost: number; taxRate: number; }[]; notes: string; }' is not assignable to parameter of type '{ supplierId: string; warehouseId: string; items: { productId: string; quantity: number; unitCost: number; taxRate: number; variantId?: string | null | undefined; }[]; shippingCost: number; currency: string; expectedDelivery?: string | ... 1 more ... | undefined; terms?: string | ... 1 more ... | undefined; notes?: ...'.
  Type '{ supplierId: string; warehouseId: string; items: { productId: string; quantity: number; unitCost: number; taxRate: number; }[]; notes: string; }' is missing the following properties from type '{ supplierId: string; warehouseId: string; items: { productId: string; quantity: number; unitCost: number; taxRate: number; variantId?: string | null | undefined; }[]; shippingCost: number; currency: string; expectedDelivery?: string | ... 1 more ... | undefined; terms?: string | ... 1 more ... | undefined; notes?: ...': shippingCost, currency
src/lib/inventory/supplierService.ts(75,15): error TS2353: Object literal may only specify known properties, and 'passwordHash' does not exist in type 'UserSelect<DefaultArgs>'.
src/lib/inventory/supplierService.ts(77,14): error TS2339: Property 'passwordHash' does not exist on type '{ id: string; createdAt: Date; updatedAt: Date; tenantId: string; isActive: boolean; email: string; phone: string | null; supabaseId: string; fullName: string; jobTitle: string | null; ... 8 more ...; lastLoginAt: Date | null; }'.
src/lib/inventory/supplierService.ts(78,10): error TS2552: Cannot find name 'verifyPassword'. Did you mean 'verifyUserPassword'?
src/lib/inventory/supplierService.ts(78,40): error TS2339: Property 'passwordHash' does not exist on type '{ id: string; createdAt: Date; updatedAt: Date; tenantId: string; isActive: boolean; email: string; phone: string | null; supabaseId: string; fullName: string; jobTitle: string | null; ... 8 more ...; lastLoginAt: Date | null; }'.
src/lib/inventory/supplierService.ts(303,68): error TS2554: Expected 2 arguments, but got 3.
src/lib/knowledge/knowledgeEntityQuery.ts(138,125): error TS2339: Property 'type' does not exist on type 'ListOptions | undefined'.
src/lib/knowledge/knowledgeProductSupplierService.ts(160,5): error TS1117: An object literal cannot have multiple properties with the same name.
src/lib/knowledge/knowledgeRepository.ts(134,48): error TS2345: Argument of type 'WorkflowCustomerVariables' is not assignable to parameter of type 'Record<string, unknown>'.
  Index signature for type 'string' is missing in type 'WorkflowCustomerVariables'.
src/lib/knowledge/knowledgeRepository.ts(136,48): error TS2345: Argument of type 'WorkflowCustomerVariables' is not assignable to parameter of type 'Record<string, unknown>'.
  Index signature for type 'string' is missing in type 'WorkflowCustomerVariables'.
src/lib/sales/quoteService.ts(382,54): error TS18047: 'order' is possibly 'null'.
src/lib/sales/quoteService.ts(393,14): error TS18047: 'order' is possibly 'null'.
src/lib/sales/quoteService.ts(394,18): error TS18047: 'order' is possibly 'null'.
src/lib/sales/quoteService.ts(423,16): error TS18047: 'order' is possibly 'null'.
src/lib/supabase/admin.ts(60,60): error TS2769: No overload matches this call.
  The last overload gave the following error.
    Argument of type 'ArrayBuffer | Buffer<ArrayBufferLike>' is not assignable to parameter of type 'WithImplicitCoercion<string | ArrayLike<number>>'.
      Type 'ArrayBuffer' is not assignable to type 'WithImplicitCoercion<string | ArrayLike<number>>'.
src/lib/supabase/nodeTransport.ts(4,46): error TS2314: Generic type 'SupabaseClientOptions' requires 1 type argument(s).
src/middleware/adminAuth.ts(203,9): error TS2322: Type 'Record<string, unknown>' is not assignable to type 'JsonNull | InputJsonValue | undefined'.
  Type 'Record<string, unknown>' is missing the following properties from type 'readonly (InputJsonValue | null)[]': length, concat, join, slice, and 26 more.
